
T14350.hs:59:15: error:
    • Couldn't match expected type ‘Proxy a1
                                    -> Apply (Apply c 'Proxy) (Apply g 'Proxy)’
                  with actual type ‘Sing (f @@ t0)’
    • The function ‘applySing’ is applied to three arguments,
      but its type ‘Sing f -> Sing t0 -> Sing (f @@ t0)’ has only two
      In the expression: applySing f Proxy Proxy
      In an equation for ‘dcomp’: dcomp f g x = applySing f Proxy Proxy
    • Relevant bindings include
        x :: Sing x (bound at T14350.hs:59:11)
        g :: Sing g (bound at T14350.hs:59:9)
        f :: Sing f (bound at T14350.hs:59:7)
        dcomp :: Sing f
                 -> Sing g -> Sing x -> (c @@ 'Proxy) @@ (g @@ 'Proxy)
          (bound at T14350.hs:59:1)

T14350.hs:59:27: error:
    • Couldn't match expected type ‘Sing t0’
                  with actual type ‘Proxy a0’
    • In the second argument of ‘applySing’, namely ‘Proxy’
      In the expression: applySing f Proxy Proxy
      In an equation for ‘dcomp’: dcomp f g x = applySing f Proxy Proxy
    • Relevant bindings include
        x :: Sing x (bound at T14350.hs:59:11)
        g :: Sing g (bound at T14350.hs:59:9)
        f :: Sing f (bound at T14350.hs:59:7)
        dcomp :: Sing f
                 -> Sing g -> Sing x -> (c @@ 'Proxy) @@ (g @@ 'Proxy)
          (bound at T14350.hs:59:1)
