
readFail034.hs:4:6: error:
    parse error on input ‘=’
