
T15233.hs:4:10: error:
    Illegal fixity signature of built-in syntax: :

T15233.hs:5:16: error: Illegal deprecation of built-in syntax: :

T15233.hs:9:10: error:
    Illegal fixity signature of built-in syntax: ->
