
T3095.hs:5:12: error:
    Illegal symbol ‘forall’ in type
    Perhaps you intended to use RankNTypes or a similar language
    extension to enable explicit-forall syntax: forall <tvs>. <type>
