Rule fired: Class op foldr (BUILTIN)
Rule fired: Class op return (BUILTIN)
Rule fired: unpack (GHC.Base)
Rule fired: fold/build (GHC.Base)
Rule fired: Class op >> (BUILTIN)
Rule fired: Class op >> (BUILTIN)
Rule fired: SPEC/T4007 sequence__c @ IO _ _ (T4007)
Rule fired: <# (BUILTIN)
Rule fired: tagToEnum# (BUILTIN)
Rule fired: unpack-list (GHC.Base)
