
T4806.hs:1:1: error:
    Could not load module ‘Data.Map’
    It is a member of the package ‘containers-0.6.0.1’
    which is ignored due to an -ignore-package flag
    Use -v (or `:set -v` in ghci) to see a list of the files searched for.
