
T13877.hs:65:41: error:
    • Expecting one more argument to ‘p’
      Expected kind ‘(-?>) [a] * (':->)’, but ‘p’ has kind ‘[a] ~> *’
    • In the type ‘p’
      In the expression: listElimPoly @(:->) @a @p @l
      In an equation for ‘listElimTyFun’:
          listElimTyFun = listElimPoly @(:->) @a @p @l
    • Relevant bindings include
        listElimTyFun :: Sing l
                         -> (p @@ '[])
                         -> (forall (x :: a) (xs :: [a]).
                             Sing x -> Sing xs -> (p @@ xs) -> p @@ (x : xs))
                         -> p @@ l
          (bound at T13877.hs:65:1)
