TYPE SIGNATURES
  foo :: forall b a. (a, b) -> (a, b)
Dependent modules: []
Dependent packages: [base-4.12.0.0, ghc-prim-0.5.3,
                     integer-gmp-1.0.2.0]
