
T9437.hs:8:18: You cannot use `..' in a record update
