
EmptyCase010.hs:24:7: warning: [-Wincomplete-patterns (in -Wextra)]
    Pattern match(es) are non-exhaustive
    In a case alternative:
        Patterns not matched:
            (Baz MkGC1)
            (Baz (MkGC2 _))

EmptyCase010.hs:28:7: warning: [-Wincomplete-patterns (in -Wextra)]
    Pattern match(es) are non-exhaustive
    In a case alternative: Patterns not matched: (Baz MkGC1)

EmptyCase010.hs:37:7: warning: [-Wincomplete-patterns (in -Wextra)]
    Pattern match(es) are non-exhaustive
    In a case alternative:
        Patterns not matched:
            (Baz MkGD1)
            (Baz MkGD3)

EmptyCase010.hs:41:9: warning: [-Wincomplete-patterns (in -Wextra)]
    Pattern match(es) are non-exhaustive
    In a case alternative: Patterns not matched: (Baz MkGD3)

EmptyCase010.hs:45:7: warning: [-Wincomplete-patterns (in -Wextra)]
    Pattern match(es) are non-exhaustive
    In a case alternative:
        Patterns not matched:
            (Baz MkGD1)
            (Baz MkGD2)
            (Baz MkGD3)

EmptyCase010.hs:57:7: warning: [-Wincomplete-patterns (in -Wextra)]
    Pattern match(es) are non-exhaustive
    In a case alternative: Patterns not matched: _ :: Baz (DC ()) a

EmptyCase010.hs:69:7: warning: [-Wincomplete-patterns (in -Wextra)]
    Pattern match(es) are non-exhaustive
    In a case alternative: Patterns not matched: (Baz MkDC2)

EmptyCase010.hs:73:9: warning: [-Wincomplete-patterns (in -Wextra)]
    Pattern match(es) are non-exhaustive
    In a case alternative: Patterns not matched: _ :: Baz f a
