
EmptyCase007.hs:21:7: warning: [-Wincomplete-patterns (in -Wextra)]
    Pattern match(es) are non-exhaustive
    In a case alternative: Patterns not matched: _ :: Foo2 a

EmptyCase007.hs:25:7: warning: [-Wincomplete-patterns (in -Wextra)]
    Pattern match(es) are non-exhaustive
    In a case alternative: Patterns not matched: _ :: Foo2 (a, a)

EmptyCase007.hs:33:7: warning: [-Wincomplete-patterns (in -Wextra)]
    Pattern match(es) are non-exhaustive
    In a case alternative: Patterns not matched: (Foo2 (_, _))

EmptyCase007.hs:37:7: warning: [-Wincomplete-patterns (in -Wextra)]
    Pattern match(es) are non-exhaustive
    In a case alternative: Patterns not matched: (Foo2 _)

EmptyCase007.hs:44:17: warning: [-Wincomplete-patterns (in -Wextra)]
    Pattern match(es) are non-exhaustive
    In a case alternative: Patterns not matched: _ :: Char

EmptyCase007.hs:48:7: warning: [-Wincomplete-patterns (in -Wextra)]
    Pattern match(es) are non-exhaustive
    In a case alternative:
        Patterns not matched:
            (Foo2 [])
            (Foo2 (_:_))
