<command line>: Could not find module ‘Simple.NonExistentPlugin’
Use -v (or `:set -v` in ghci) to see a list of the files searched for.
